--------------------------------------------------------------------------------------
Timing Analyzer Summary
--------------------------------------------------------------------------------------

Type           : Worst-case tsu
Slack          : N/A
Required Time  : None
Actual Time    : 7.725 ns
From           : LDN
To             : JSQ:inst2|TMPA[3]
From Clock     : --
To Clock       : CLK
Failed Paths   : 0

Type           : Worst-case tco
Slack          : N/A
Required Time  : None
Actual Time    : 8.739 ns
From           : JSQ:inst2|TMPA[0]
To             : JSXS1[4]
From Clock     : CLK
To Clock       : --
Failed Paths   : 0

Type           : Worst-case th
Slack          : N/A
Required Time  : None
Actual Time    : -5.801 ns
From           : LDN
To             : JSQ:inst2|TMPA[0]
From Clock     : --
To Clock       : CLK
Failed Paths   : 0

Type           : Clock Setup: 'CLK'
Slack          : N/A
Required Time  : None
Actual Time    : Restricted to 340.02 MHz ( period = 2.941 ns )
From           : JSQ:inst2|TMPA[2]
To             : JSQ:inst2|TMPA[2]
From Clock     : CLK
To Clock       : CLK
Failed Paths   : 0

Type           : Clock Setup: 'ADD'
Slack          : N/A
Required Time  : None
Actual Time    : Restricted to 360.10 MHz ( period = 2.777 ns )
From           : JFQ:inst4|points_B1[1]
To             : JFQ:inst4|points_B1[2]
From Clock     : ADD
To Clock       : ADD
Failed Paths   : 0

Type           : Total number of failed paths
Slack          : 
Required Time  : 
Actual Time    : 
From           : 
To             : 
From Clock     : 
To Clock       : 
Failed Paths   : 0

--------------------------------------------------------------------------------------

